分类: 📺央视频道, 名称: CCTV-1, 有效: 23, IPv4: 174, IPv6: 0, 最小延迟: 29 ms, 最高速率: 67.10 M/s, 平均速率: 26.50 M/s, 最高分辨率: 1920x1080, 平均帧率: 47.50, 视频编解码器: h264, 音频编解码器: mp2
分类: 📺央视频道, 名称: CCTV-2, 有效: 30, IPv4: 174, IPv6: 0, 最小延迟: 50 ms, 最高速率: 78.70 M/s, 平均速率: 22.23 M/s, 最高分辨率: 1920x1080, 平均帧率: 26.92, 视频编解码器: h264, 音频编解码器: mp2
分类: 📺央视频道, 名称: CCTV-3, 有效: 31, IPv4: 173, IPv6: 0, 最小延迟: 46 ms, 最高速率: 105.57 M/s, 平均速率: 23.68 M/s, 最高分辨率: 1920x1080, 平均帧率: 46.92, 视频编解码器: h264, 音频编解码器: mp2
分类: 📺央视频道, 名称: CCTV-4, 有效: 29, IPv4: 183, IPv6: 0, 最小延迟: 41 ms, 最高速率: 116.22 M/s, 平均速率: 23.19 M/s, 最高分辨率: 1920x1080, 平均帧率: 50.00, 视频编解码器: h264, 音频编解码器: mp2
分类: 📺央视频道, 名称: CCTV-5, 有效: 34, IPv4: 218, IPv6: 0, 最小延迟: 52 ms, 最高速率: 100.72 M/s, 平均速率: 22.23 M/s, 最高分辨率: 1920x1080, 平均帧率: 44.00, 视频编解码器: h264, 音频编解码器: mp2
分类: 📺央视频道, 名称: CCTV-5+, 有效: 5, IPv4: 81, IPv6: 0, 最小延迟: 120 ms, 最高速率: 4.46 M/s, 平均速率: 1.62 M/s, 最高分辨率: 1920x1080, 平均帧率: 50.00, 视频编解码器: h264, 音频编解码器: ac3
分类: 📺央视频道, 名称: CCTV-6, 有效: 19, IPv4: 176, IPv6: 0, 最小延迟: 45 ms, 最高速率: 95.06 M/s, 平均速率: 36.52 M/s, 最高分辨率: 1920x1080, 平均帧率: 45.36, 视频编解码器: h264, 音频编解码器: mp2
分类: 📺央视频道, 名称: CCTV-7, 有效: 22, IPv4: 161, IPv6: 0, 最小延迟: 51 ms, 最高速率: 81.80 M/s, 平均速率: 25.29 M/s, 最高分辨率: 1920x1080, 平均帧率: 47.33, 视频编解码器: h264, 音频编解码器: mp2
分类: 📺央视频道, 名称: CCTV-8, 有效: 24, IPv4: 167, IPv6: 0, 最小延迟: 43 ms, 最高速率: 107.78 M/s, 平均速率: 24.78 M/s, 最高分辨率: 1920x1080, 平均帧率: 46.92, 视频编解码器: h264, 音频编解码器: mp2
分类: 📺央视频道, 名称: CCTV-9, 有效: 25, IPv4: 170, IPv6: 0, 最小延迟: 54 ms, 最高速率: 89.89 M/s, 平均速率: 25.67 M/s, 最高分辨率: 1920x1080, 平均帧率: 48.08, 视频编解码器: h264, 音频编解码器: mp2
分类: 📺央视频道, 名称: CCTV-10, 有效: 26, IPv4: 162, IPv6: 0, 最小延迟: 48 ms, 最高速率: 99.15 M/s, 平均速率: 23.57 M/s, 最高分辨率: 1920x1080, 平均帧率: 50.00, 视频编解码器: h264, 音频编解码器: mp2
分类: 📺央视频道, 名称: CCTV-11, 有效: 22, IPv4: 150, IPv6: 0, 最小延迟: 55 ms, 最高速率: 89.32 M/s, 平均速率: 21.41 M/s, 最高分辨率: 1920x1080, 平均帧率: 48.46, 视频编解码器: h264, 音频编解码器: mp2
分类: 📺央视频道, 名称: CCTV-12, 有效: 27, IPv4: 172, IPv6: 0, 最小延迟: 50 ms, 最高速率: 91.70 M/s, 平均速率: 21.66 M/s, 最高分辨率: 1920x1080, 平均帧率: 50.00, 视频编解码器: h264, 音频编解码器: mp2
分类: 📺央视频道, 名称: CCTV-13, 有效: 26, IPv4: 169, IPv6: 0, 最小延迟: 51 ms, 最高速率: 99.16 M/s, 平均速率: 26.43 M/s, 最高分辨率: 1920x1080, 平均帧率: 47.73, 视频编解码器: h264, 音频编解码器: mp2
分类: 📺央视频道, 名称: CCTV-14, 有效: 20, IPv4: 160, IPv6: 0, 最小延迟: 44 ms, 最高速率: 112.07 M/s, 平均速率: 37.71 M/s, 最高分辨率: 1920x1080, 平均帧率: 48.08, 视频编解码器: h264, 音频编解码器: mp2
分类: 📺央视频道, 名称: CCTV-16, 有效: 22, IPv4: 86, IPv6: 0, 最小延迟: 52 ms, 最高速率: 79.12 M/s, 平均速率: 28.93 M/s, 最高分辨率: 3840x2160, 平均帧率: 未知, 视频编解码器: 未知, 音频编解码器: 未知
分类: 📺央视频道, 名称: CCTV-15, 有效: 20, IPv4: 152, IPv6: 0, 最小延迟: 40 ms, 最高速率: 91.43 M/s, 平均速率: 32.92 M/s, 最高分辨率: 1920x1080, 平均帧率: 48.21, 视频编解码器: h264, 音频编解码器: mp2
分类: 📺央视频道, 名称: CCTV-17, 有效: 25, IPv4: 122, IPv6: 0, 最小延迟: 48 ms, 最高速率: 98.74 M/s, 平均速率: 34.22 M/s, 最高分辨率: 1920x1080, 平均帧率: 50.00, 视频编解码器: h264, 音频编解码器: mp2
分类: 📡卫视频道, 名称: 广东卫视, 有效: 19, IPv4: 176, IPv6: 0, 最小延迟: 69 ms, 最高速率: 74.60 M/s, 平均速率: 15.31 M/s, 最高分辨率: 3840x2160, 平均帧率: 47.50, 视频编解码器: h264, 音频编解码器: mp2
分类: 📡卫视频道, 名称: 香港卫视, 有效: 0, IPv4: 12, IPv6: 0, 最小延迟: 8098 ms, 最高速率: 0.32 M/s, 平均速率: 0.00 M/s, 最高分辨率: 1280x720, 平均帧率: 25.00, 视频编解码器: h264, 音频编解码器: aac
分类: 📡卫视频道, 名称: 浙江卫视, 有效: 28, IPv4: 140, IPv6: 0, 最小延迟: 54 ms, 最高速率: 82.68 M/s, 平均速率: 26.39 M/s, 最高分辨率: 3840x2160, 平均帧率: 25.00, 视频编解码器: h264, 音频编解码器: aac
分类: 📡卫视频道, 名称: 湖南卫视, 有效: 31, IPv4: 167, IPv6: 0, 最小延迟: 58 ms, 最高速率: 92.16 M/s, 平均速率: 26.61 M/s, 最高分辨率: 3840x2160, 平均帧率: 50.00, 视频编解码器: h264, 音频编解码器: aac
分类: 📡卫视频道, 名称: 北京卫视, 有效: 27, IPv4: 183, IPv6: 0, 最小延迟: 44 ms, 最高速率: 72.56 M/s, 平均速率: 31.57 M/s, 最高分辨率: 3840x2160, 平均帧率: 25.00, 视频编解码器: mpeg2video, 音频编解码器: mp2
分类: 📡卫视频道, 名称: 湖北卫视, 有效: 10, IPv4: 153, IPv6: 0, 最小延迟: 246 ms, 最高速率: 17.30 M/s, 平均速率: 3.38 M/s, 最高分辨率: 1920x1080, 平均帧率: 25.00, 视频编解码器: h264, 音频编解码器: mp2
分类: 📡卫视频道, 名称: 黑龙江卫视, 有效: 20, IPv4: 141, IPv6: 0, 最小延迟: 54 ms, 最高速率: 89.42 M/s, 平均速率: 33.59 M/s, 最高分辨率: 1920x1080, 平均帧率: 47.50, 视频编解码器: h264, 音频编解码器: mp2
分类: 📡卫视频道, 名称: 安徽卫视, 有效: 20, IPv4: 114, IPv6: 0, 最小延迟: 46 ms, 最高速率: 110.71 M/s, 平均速率: 34.55 M/s, 最高分辨率: 1920x1080, 平均帧率: 41.67, 视频编解码器: h264, 音频编解码器: mp2
分类: 📡卫视频道, 名称: 重庆卫视, 有效: 22, IPv4: 138, IPv6: 0, 最小延迟: 42 ms, 最高速率: 123.07 M/s, 平均速率: 33.15 M/s, 最高分辨率: 1920x1080, 平均帧率: 25.00, 视频编解码器: h264, 音频编解码器: aac
分类: 📡卫视频道, 名称: 东方卫视, 有效: 27, IPv4: 141, IPv6: 0, 最小延迟: 50 ms, 最高速率: 107.87 M/s, 平均速率: 27.70 M/s, 最高分辨率: 1920x1080, 平均帧率: 37.50, 视频编解码器: h264, 音频编解码器: aac
分类: 📡卫视频道, 名称: 东南卫视, 有效: 27, IPv4: 136, IPv6: 0, 最小延迟: 40 ms, 最高速率: 118.42 M/s, 平均速率: 32.50 M/s, 最高分辨率: 1920x1080, 平均帧率: 50.00, 视频编解码器: h264, 音频编解码器: mp2
分类: 📡卫视频道, 名称: 甘肃卫视, 有效: 16, IPv4: 74, IPv6: 0, 最小延迟: 41 ms, 最高速率: 125.59 M/s, 平均速率: 43.76 M/s, 最高分辨率: 1920x1080, 平均帧率: 25.00, 视频编解码器: h264, 音频编解码器: mp2
分类: 📡卫视频道, 名称: 广西卫视, 有效: 20, IPv4: 121, IPv6: 0, 最小延迟: 45 ms, 最高速率: 116.37 M/s, 平均速率: 44.16 M/s, 最高分辨率: 1920x1080, 平均帧率: 25.00, 视频编解码器: h264, 音频编解码器: mp2
分类: 📡卫视频道, 名称: 贵州卫视, 有效: 26, IPv4: 128, IPv6: 0, 最小延迟: 39 ms, 最高速率: 115.83 M/s, 平均速率: 39.38 M/s, 最高分辨率: 1920x1080, 平均帧率: 50.00, 视频编解码器: h264, 音频编解码器: mp2
分类: 📡卫视频道, 名称: 海南卫视, 有效: 11, IPv4: 82, IPv6: 0, 最小延迟: 39 ms, 最高速率: 108.54 M/s, 平均速率: 61.40 M/s, 最高分辨率: 1920x1080, 平均帧率: 47.50, 视频编解码器: h264, 音频编解码器: mp2
分类: 📡卫视频道, 名称: 河北卫视, 有效: 16, IPv4: 126, IPv6: 0, 最小延迟: 49 ms, 最高速率: 105.10 M/s, 平均速率: 21.53 M/s, 最高分辨率: 1920x1080, 平均帧率: 50.00, 视频编解码器: h264, 音频编解码器: mp2
分类: 📡卫视频道, 名称: 河南卫视, 有效: 20, IPv4: 151, IPv6: 0, 最小延迟: 36 ms, 最高速率: 109.24 M/s, 平均速率: 43.85 M/s, 最高分辨率: 1920x1080, 平均帧率: 45.45, 视频编解码器: h264, 音频编解码器: mp2
分类: 📡卫视频道, 名称: 吉林卫视, 有效: 14, IPv4: 113, IPv6: 0, 最小延迟: 54 ms, 最高速率: 91.16 M/s, 平均速率: 35.15 M/s, 最高分辨率: 3840x2160, 平均帧率: 50.00, 视频编解码器: h264, 音频编解码器: mp2
分类: 📡卫视频道, 名称: 江苏卫视, 有效: 29, IPv4: 149, IPv6: 0, 最小延迟: 46 ms, 最高速率: 102.87 M/s, 平均速率: 25.73 M/s, 最高分辨率: 3840x2160, 平均帧率: 25.00, 视频编解码器: h264, 音频编解码器: mp2
分类: 📡卫视频道, 名称: 江西卫视, 有效: 21, IPv4: 145, IPv6: 0, 最小延迟: 41 ms, 最高速率: 117.11 M/s, 平均速率: 31.29 M/s, 最高分辨率: 1920x1080, 平均帧率: 43.18, 视频编解码器: h264, 音频编解码器: mp2
分类: 📡卫视频道, 名称: 辽宁卫视, 有效: 25, IPv4: 132, IPv6: 0, 最小延迟: 44 ms, 最高速率: 116.20 M/s, 平均速率: 29.67 M/s, 最高分辨率: 1920x1080, 平均帧率: 37.50, 视频编解码器: h264, 音频编解码器: aac
分类: 📡卫视频道, 名称: 内蒙古卫视, 有效: 11, IPv4: 53, IPv6: 0, 最小延迟: 43 ms, 最高速率: 108.27 M/s, 平均速率: 58.31 M/s, 最高分辨率: 1920x1080, 平均帧率: 37.50, 视频编解码器: h264, 音频编解码器: mp2
分类: 📡卫视频道, 名称: 宁夏卫视, 有效: 15, IPv4: 84, IPv6: 0, 最小延迟: 54 ms, 最高速率: 98.84 M/s, 平均速率: 37.59 M/s, 最高分辨率: 1920x1080, 平均帧率: 25.00, 视频编解码器: h264, 音频编解码器: mp2
分类: 📡卫视频道, 名称: 青海卫视, 有效: 14, IPv4: 89, IPv6: 0, 最小延迟: 43 ms, 最高速率: 114.14 M/s, 平均速率: 56.05 M/s, 最高分辨率: 1920x1080, 平均帧率: 50.00, 视频编解码器: h264, 音频编解码器: mp2
分类: 📡卫视频道, 名称: 山东卫视, 有效: 28, IPv4: 126, IPv6: 0, 最小延迟: 47 ms, 最高速率: 98.52 M/s, 平均速率: 23.32 M/s, 最高分辨率: 1920x1080, 平均帧率: 47.50, 视频编解码器: h264, 音频编解码器: mp2
分类: 📡卫视频道, 名称: 山西卫视, 有效: 9, IPv4: 65, IPv6: 0, 最小延迟: 43 ms, 最高速率: 113.13 M/s, 平均速率: 54.06 M/s, 最高分辨率: 1920x1080, 平均帧率: 25.00, 视频编解码器: h264, 音频编解码器: mp2
分类: 📡卫视频道, 名称: 陕西卫视, 有效: 14, IPv4: 62, IPv6: 0, 最小延迟: 44 ms, 最高速率: 101.72 M/s, 平均速率: 38.44 M/s, 最高分辨率: 1920x1080, 平均帧率: 40.00, 视频编解码器: h264, 音频编解码器: mp2
分类: 📡卫视频道, 名称: 四川卫视, 有效: 21, IPv4: 148, IPv6: 0, 最小延迟: 48 ms, 最高速率: 103.32 M/s, 平均速率: 41.89 M/s, 最高分辨率: 3840x2160, 平均帧率: 42.31, 视频编解码器: h264, 音频编解码器: mp2
分类: 📡卫视频道, 名称: 深圳卫视, 有效: 25, IPv4: 144, IPv6: 0, 最小延迟: 51 ms, 最高速率: 96.00 M/s, 平均速率: 24.60 M/s, 最高分辨率: 1920x1080, 平均帧率: 47.22, 视频编解码器: h264, 音频编解码器: mp2
分类: 📡卫视频道, 名称: 三沙卫视, 有效: 11, IPv4: 46, IPv6: 0, 最小延迟: 47 ms, 最高速率: 97.88 M/s, 平均速率: 49.20 M/s, 最高分辨率: 1920x1080, 平均帧率: 50.00, 视频编解码器: h264, 音频编解码器: mp2
分类: 📡卫视频道, 名称: 天津卫视, 有效: 18, IPv4: 126, IPv6: 0, 最小延迟: 43 ms, 最高速率: 110.51 M/s, 平均速率: 34.37 M/s, 最高分辨率: 1920x1080, 平均帧率: 33.33, 视频编解码器: h264, 音频编解码器: mp2
分类: 📡卫视频道, 名称: 新疆卫视, 有效: 14, IPv4: 65, IPv6: 0, 最小延迟: 50 ms, 最高速率: 100.93 M/s, 平均速率: 42.81 M/s, 最高分辨率: 1920x1080, 平均帧率: 25.00, 视频编解码器: h264, 音频编解码器: aac
分类: 📡卫视频道, 名称: 西藏卫视, 有效: 15, IPv4: 53, IPv6: 0, 最小延迟: 43 ms, 最高速率: 119.95 M/s, 平均速率: 35.33 M/s, 最高分辨率: 1920x1080, 平均帧率: 50.00, 视频编解码器: h264, 音频编解码器: mp2
分类: 📡卫视频道, 名称: 云南卫视, 有效: 19, IPv4: 85, IPv6: 0, 最小延迟: 46 ms, 最高速率: 117.58 M/s, 平均速率: 36.22 M/s, 最高分辨率: 1920x1080, 平均帧率: 50.00, 视频编解码器: h264, 音频编解码器: mp2
分类: ☘️广东频道, 名称: 广东珠江, 有效: 10, IPv4: 96, IPv6: 0, 最小延迟: 113 ms, 最高速率: 15.43 M/s, 平均速率: 9.50 M/s, 最高分辨率: 1920x1080, 平均帧率: 27.50, 视频编解码器: h264, 音频编解码器: mp2
分类: ☘️广东频道, 名称: 广东体育, 有效: 0, IPv4: 70, IPv6: 0, 最小延迟: 120 ms, 最高速率: 15.41 M/s, 平均速率: 0.00 M/s, 最高分辨率: 1920x1080, 平均帧率: 25.00, 视频编解码器: h264, 音频编解码器: aac
分类: ☘️广东频道, 名称: 广东新闻, 有效: 2, IPv4: 40, IPv6: 0, 最小延迟: 86 ms, 最高速率: 9.52 M/s, 平均速率: 0.71 M/s, 最高分辨率: 1920x1080, 平均帧率: 25.00, 视频编解码器: h264, 音频编解码器: aac
分类: ☘️广东频道, 名称: 广东民生, 有效: 1, IPv4: 20, IPv6: 0, 最小延迟: 128 ms, 最高速率: 17.88 M/s, 平均速率: 0.73 M/s, 最高分辨率: 1920x1080, 平均帧率: 25.00, 视频编解码器: h264, 音频编解码器: aac
分类: ☘️广东频道, 名称: 广东影视, 有效: 2, IPv4: 41, IPv6: 0, 最小延迟: 129 ms, 最高速率: 10.42 M/s, 平均速率: 0.71 M/s, 最高分辨率: 1920x1080, 平均帧率: 25.00, 视频编解码器: h264, 音频编解码器: aac
分类: ☘️广东频道, 名称: 广东现代, 有效: 0, IPv4: 1, IPv6: 0, 最小延迟: -1 ms, 最高速率: 0.00 M/s, 平均速率: 0.00 M/s, 最高分辨率: 1920x1080, 平均帧率: 未知, 视频编解码器: 未知, 音频编解码器: 未知
分类: ☘️广东频道, 名称: 广东科教, 有效: 0, IPv4: 9, IPv6: 0, 最小延迟: -1 ms, 最高速率: 0.00 M/s, 平均速率: 0.00 M/s, 最高分辨率: None, 平均帧率: 未知, 视频编解码器: 未知, 音频编解码器: 未知
分类: ☘️广东频道, 名称: 经济科教, 有效: 1, IPv4: 7, IPv6: 0, 最小延迟: 6542 ms, 最高速率: 0.69 M/s, 平均速率: 0.69 M/s, 最高分辨率: 1920x1080, 平均帧率: 未知, 视频编解码器: 未知, 音频编解码器: 未知
分类: ☘️广东频道, 名称: 大湾区卫视, 有效: 6, IPv4: 49, IPv6: 0, 最小延迟: 299 ms, 最高速率: 16.83 M/s, 平均速率: 10.06 M/s, 最高分辨率: 3840x2160, 平均帧率: 未知, 视频编解码器: 未知, 音频编解码器: 未知
分类: 🌊港·澳·台, 名称: 华丽翡翠台, 有效: 0, IPv4: 8, IPv6: 0, 最小延迟: -1 ms, 最高速率: 0.00 M/s, 平均速率: 0.00 M/s, 最高分辨率: None, 平均帧率: 未知, 视频编解码器: 未知, 音频编解码器: 未知
分类: 🌊港·澳·台, 名称: 黄金翡翠台, 有效: 0, IPv4: 8, IPv6: 0, 最小延迟: -1 ms, 最高速率: 0.00 M/s, 平均速率: 0.00 M/s, 最高分辨率: None, 平均帧率: 未知, 视频编解码器: 未知, 音频编解码器: 未知
分类: ☘️广东频道, 名称: 岭南戏曲, 有效: 0, IPv4: 26, IPv6: 0, 最小延迟: 126 ms, 最高速率: 5.38 M/s, 平均速率: 0.00 M/s, 最高分辨率: 1920x1080, 平均帧率: 25.00, 视频编解码器: h264, 音频编解码器: aac
分类: 🌊港·澳·台, 名称: 明珠台, 有效: 2, IPv4: 38, IPv6: 0, 最小延迟: 118 ms, 最高速率: 0.64 M/s, 平均速率: 0.60 M/s, 最高分辨率: 1920x1080, 平均帧率: 未知, 视频编解码器: 未知, 音频编解码器: 未知
分类: 🌊港·澳·台, 名称: 翡翠台, 有效: 3, IPv4: 46, IPv6: 0, 最小延迟: 3571 ms, 最高速率: 1.10 M/s, 平均速率: 0.83 M/s, 最高分辨率: 1920x1080, 平均帧率: 27.49, 视频编解码器: mpeg2video, 音频编解码器: mp2
分类: 🌊港·澳·台, 名称: TVB Plus, 有效: 0, IPv4: 26, IPv6: 0, 最小延迟: 175 ms, 最高速率: 0.36 M/s, 平均速率: 0.00 M/s, 最高分辨率: 1920x1080, 平均帧率: 未知, 视频编解码器: 未知, 音频编解码器: 未知
分类: 🌊港·澳·台, 名称: Viutv, 有效: 1, IPv4: 1, IPv6: 0, 最小延迟: 1145 ms, 最高速率: 0.82 M/s, 平均速率: 0.82 M/s, 最高分辨率: 1920x1080, 平均帧率: 未知, 视频编解码器: 未知, 音频编解码器: 未知
分类: 🌊港·澳·台, 名称: 凤凰中文, 有效: 4, IPv4: 44, IPv6: 0, 最小延迟: 48 ms, 最高速率: 106.16 M/s, 平均速率: 43.41 M/s, 最高分辨率: 1920x1080, 平均帧率: 30.00, 视频编解码器: mpeg2video, 音频编解码器: mp2
分类: 🌊港·澳·台, 名称: TVBS亚洲, 有效: 3, IPv4: 11, IPv6: 0, 最小延迟: 2916 ms, 最高速率: 0.64 M/s, 平均速率: 0.59 M/s, 最高分辨率: 1920x1080, 平均帧率: 未知, 视频编解码器: 未知, 音频编解码器: 未知
分类: 🌊港·澳·台, 名称: 凤凰资讯, 有效: 3, IPv4: 40, IPv6: 0, 最小延迟: 68 ms, 最高速率: 78.95 M/s, 平均速率: 27.45 M/s, 最高分辨率: 1920x1080, 平均帧率: 25.00, 视频编解码器: h264, 音频编解码器: aac
分类: 🌊港·澳·台, 名称: 凤凰香港, 有效: 0, IPv4: 17, IPv6: 0, 最小延迟: 474 ms, 最高速率: 0.14 M/s, 平均速率: 0.00 M/s, 最高分辨率: 1280x720, 平均帧率: 25.00, 视频编解码器: h264, 音频编解码器: aac
分类: 🌊港·澳·台, 名称: 凤凰卫视, 有效: 1, IPv4: 4, IPv6: 0, 最小延迟: 89 ms, 最高速率: 64.38 M/s, 平均速率: 64.38 M/s, 最高分辨率: 1920x1080, 平均帧率: 50.00, 视频编解码器: h264, 音频编解码器: aac
